[mp3pro.xyz/index.html]
[backblue.gif]
[fade.gif]
[index.html]
[mp3pro.xyz/favicons/apple-touch-icon.png]
[mp3pro.xyz/favicons/favicon-32x32.png]
[mp3pro.xyz/favicons/favicon-16x16.png]
[mp3pro.xyz/favicons/site.webmanifest]
[mp3pro.xyz/favicons/safari-pinned-tab.svg]
[mp3pro.xyz/favicons/favicon.ico]
[mp3pro.xyz/source/ui.min1939.js]
[mp3pro.xyz/mp3pro.xyz]
[mp3pro.xyz/cdn-cgi/bm/cv/1284585713/api.js]
[mp3pro.xyz/contact.html]
[mp3pro.xyz/terms.html]
[mp3pro.xyz/copyright.html]
[mp3pro.xyz/privacy.html]
[mp3pro.xyz/source/fonts/YTDLv4.eot]
[mp3pro.xyz/source/fonts/YTDLv4.ttf]
[mp3pro.xyz/source/fonts/YTDLv4.woff]
[mp3pro.xyz/index.html]
[mp3pro.xyz/favicons/safari-pinned-tab.svg]
[mp3pro.xyz/mp3pro.html]
[mp3pro.xyz/contact.html]
[mp3pro.xyz/source/fonts/YTDLv4.svg]
[mp3pro.xyz/cdn-cgi/l/email-protection.html]
[mp3pro.xyz/terms.html]
[mp3pro.xyz/copyright.html]
[mp3pro.xyz/privacy.html]
[mp3pro.xyz/source/fonts/YTDLv4.svg]
[mp3pro.xyz/cdn-cgi/l/email-protection.html]
[mp3pro.xyz/cdn-cgi/scripts/5c5dd728/cloudflare-static/email-decode.min.js]
